-- The C compiler identification is GNU 13.3.0
-- The CXX compiler identification is GNU 13.3.0
-- Detecting C compiler ABI info
-- Detecting C compiler ABI info - done
-- Check for working C compiler: /usr/bin/cc - skipped
-- Detecting C compile features
-- Detecting C compile features - done
-- Detecting CXX compiler ABI info
-- Detecting CXX compiler ABI info - done
-- Check for working CXX compiler: /usr/bin/c++ - skipped
-- Detecting CXX compile features
-- Detecting CXX compile features - done
-- Found ament_cmake: 2.7.3 (/opt/ros/kilted/share/ament_cmake/cmake)
-- Found Python3: /usr/bin/python3 (found version "3.12.3") found components: Interpreter 
-- Found ament_lint_auto: 0.19.2 (/opt/ros/kilted/share/ament_lint_auto/cmake)
-- Added test 'cppcheck' to perform static code analysis on C / C++ code
-- Configured cppcheck include dirs: 
-- Configured cppcheck exclude dirs and/or files: 
-- Added test 'flake8' to check Python code syntax and style conventions
-- Configured 'flake8' exclude dirs and/or files: 
-- Added test 'lint_cmake' to check CMake code style
-- Added test 'pep257' to check Python code against some of the docstring style conventions in PEP 257
-- Added test 'uncrustify' to check C / C++ code style
-- Configured uncrustify additional arguments: 
-- Added test 'xmllint' to check XML markup files
-- Configuring done (0.5s)
-- Generating done (0.0s)
-- Build files have been written to: /root/project/src/simulator/build/simulator
-- Install configuration: ""
-- Installing: /root/project/src/simulator/install/simulator/share/simulator/launch
-- Installing: /root/project/src/simulator/install/simulator/share/simulator/launch/gazebo.launch.py
-- Installing: /root/project/src/simulator/install/simulator/share/simulator/models
-- Installing: /root/project/src/simulator/install/simulator/share/simulator/models/simulator
-- Installing: /root/project/src/simulator/install/simulator/share/simulator/models/simulator/model.sdf
-- Installing: /root/project/src/simulator/install/simulator/share/simulator/models/simulator/model.config
-- Installing: /root/project/src/simulator/install/simulator/share/simulator/worlds
-- Installing: /root/project/src/simulator/install/simulator/share/simulator/worlds/pendulum.world
-- Installing: /root/project/src/simulator/install/simulator/share/ament_index/resource_index/package_run_dependencies/simulator
-- Installing: /root/project/src/simulator/install/simulator/share/ament_index/resource_index/parent_prefix_path/simulator
-- Installing: /root/project/src/simulator/install/simulator/share/simulator/environment/ament_prefix_path.sh
-- Installing: /root/project/src/simulator/install/simulator/share/simulator/environment/ament_prefix_path.dsv
-- Installing: /root/project/src/simulator/install/simulator/share/simulator/environment/path.sh
-- Installing: /root/project/src/simulator/install/simulator/share/simulator/environment/path.dsv
-- Installing: /root/project/src/simulator/install/simulator/share/simulator/local_setup.bash
-- Installing: /root/project/src/simulator/install/simulator/share/simulator/local_setup.sh
-- Installing: /root/project/src/simulator/install/simulator/share/simulator/local_setup.zsh
-- Installing: /root/project/src/simulator/install/simulator/share/simulator/local_setup.dsv
-- Installing: /root/project/src/simulator/install/simulator/share/simulator/package.dsv
-- Installing: /root/project/src/simulator/install/simulator/share/ament_index/resource_index/packages/simulator
-- Installing: /root/project/src/simulator/install/simulator/share/simulator/cmake/simulatorConfig.cmake
-- Installing: /root/project/src/simulator/install/simulator/share/simulator/cmake/simulatorConfig-version.cmake
-- Installing: /root/project/src/simulator/install/simulator/share/simulator/package.xml
