[0.008s] Invoking command in '/root/project/src/simulator/build/simulator': CMAKE_PREFIX_PATH=${CMAKE_PREFIX_PATH}:/opt/ros/kilted /usr/bin/cmake /root/project/src/simulator -DCMAKE_INSTALL_PREFIX=/root/project/src/simulator/install/simulator
[0.045s] -- The C compiler identification is GNU 13.3.0
[0.080s] -- The CXX compiler identification is GNU 13.3.0
[0.092s] -- Detecting C compiler ABI info
[0.150s] -- Detecting C compiler ABI info - done
[0.157s] -- Check for working C compiler: /usr/bin/cc - skipped
[0.157s] -- Detecting C compile features
[0.157s] -- Detecting C compile features - done
[0.164s] -- Detecting CXX compiler ABI info
[0.232s] -- Detecting CXX compiler ABI info - done
[0.240s] -- Check for working CXX compiler: /usr/bin/c++ - skipped
[0.241s] -- Detecting CXX compile features
[0.241s] -- Detecting CXX compile features - done
[0.247s] -- Found ament_cmake: 2.7.3 (/opt/ros/kilted/share/ament_cmake/cmake)
[0.336s] -- Found Python3: /usr/bin/python3 (found version "3.12.3") found components: Interpreter 
[0.416s] -- Found ament_lint_auto: 0.19.2 (/opt/ros/kilted/share/ament_lint_auto/cmake)
[0.477s] -- Added test 'cppcheck' to perform static code analysis on C / C++ code
[0.477s] -- Configured cppcheck include dirs: 
[0.478s] -- Configured cppcheck exclude dirs and/or files: 
[0.478s] -- Added test 'flake8' to check Python code syntax and style conventions
[0.478s] -- Configured 'flake8' exclude dirs and/or files: 
[0.479s] -- Added test 'lint_cmake' to check CMake code style
[0.480s] -- Added test 'pep257' to check Python code against some of the docstring style conventions in PEP 257
[0.481s] -- Added test 'uncrustify' to check C / C++ code style
[0.481s] -- Configured uncrustify additional arguments: 
[0.482s] -- Added test 'xmllint' to check XML markup files
[0.483s] -- Configuring done (0.5s)
[0.485s] -- Generating done (0.0s)
[0.486s] -- Build files have been written to: /root/project/src/simulator/build/simulator
[0.489s] Invoked command in '/root/project/src/simulator/build/simulator' returned '0': CMAKE_PREFIX_PATH=${CMAKE_PREFIX_PATH}:/opt/ros/kilted /usr/bin/cmake /root/project/src/simulator -DCMAKE_INSTALL_PREFIX=/root/project/src/simulator/install/simulator
[0.489s] Invoking command in '/root/project/src/simulator/build/simulator': CMAKE_PREFIX_PATH=${CMAKE_PREFIX_PATH}:/opt/ros/kilted /usr/bin/cmake --build /root/project/src/simulator/build/simulator -- -j32 -l32
[0.516s] Invoked command in '/root/project/src/simulator/build/simulator' returned '0': CMAKE_PREFIX_PATH=${CMAKE_PREFIX_PATH}:/opt/ros/kilted /usr/bin/cmake --build /root/project/src/simulator/build/simulator -- -j32 -l32
[0.522s] Invoking command in '/root/project/src/simulator/build/simulator': CMAKE_PREFIX_PATH=${CMAKE_PREFIX_PATH}:/opt/ros/kilted /usr/bin/cmake --install /root/project/src/simulator/build/simulator
[0.526s] -- Install configuration: ""
[0.526s] -- Installing: /root/project/src/simulator/install/simulator/share/simulator/launch
[0.526s] -- Installing: /root/project/src/simulator/install/simulator/share/simulator/launch/gazebo.launch.py
[0.527s] -- Installing: /root/project/src/simulator/install/simulator/share/simulator/models
[0.527s] -- Installing: /root/project/src/simulator/install/simulator/share/simulator/models/simulator
[0.527s] -- Installing: /root/project/src/simulator/install/simulator/share/simulator/models/simulator/model.sdf
[0.527s] -- Installing: /root/project/src/simulator/install/simulator/share/simulator/models/simulator/model.config
[0.527s] -- Installing: /root/project/src/simulator/install/simulator/share/simulator/worlds
[0.527s] -- Installing: /root/project/src/simulator/install/simulator/share/simulator/worlds/pendulum.world
[0.527s] -- Installing: /root/project/src/simulator/install/simulator/share/ament_index/resource_index/package_run_dependencies/simulator
[0.527s] -- Installing: /root/project/src/simulator/install/simulator/share/ament_index/resource_index/parent_prefix_path/simulator
[0.527s] -- Installing: /root/project/src/simulator/install/simulator/share/simulator/environment/ament_prefix_path.sh
[0.527s] -- Installing: /root/project/src/simulator/install/simulator/share/simulator/environment/ament_prefix_path.dsv
[0.527s] -- Installing: /root/project/src/simulator/install/simulator/share/simulator/environment/path.sh
[0.527s] -- Installing: /root/project/src/simulator/install/simulator/share/simulator/environment/path.dsv
[0.527s] -- Installing: /root/project/src/simulator/install/simulator/share/simulator/local_setup.bash
[0.527s] -- Installing: /root/project/src/simulator/install/simulator/share/simulator/local_setup.sh
[0.527s] -- Installing: /root/project/src/simulator/install/simulator/share/simulator/local_setup.zsh
[0.527s] -- Installing: /root/project/src/simulator/install/simulator/share/simulator/local_setup.dsv
[0.527s] -- Installing: /root/project/src/simulator/install/simulator/share/simulator/package.dsv
[0.528s] -- Installing: /root/project/src/simulator/install/simulator/share/ament_index/resource_index/packages/simulator
[0.528s] -- Installing: /root/project/src/simulator/install/simulator/share/simulator/cmake/simulatorConfig.cmake
[0.528s] -- Installing: /root/project/src/simulator/install/simulator/share/simulator/cmake/simulatorConfig-version.cmake
[0.528s] -- Installing: /root/project/src/simulator/install/simulator/share/simulator/package.xml
[0.528s] Invoked command in '/root/project/src/simulator/build/simulator' returned '0': CMAKE_PREFIX_PATH=${CMAKE_PREFIX_PATH}:/opt/ros/kilted /usr/bin/cmake --install /root/project/src/simulator/build/simulator
