[0.114s] DEBUG:colcon:Command line arguments: ['/usr/bin/colcon', 'build']
[0.114s] DEBUG:colcon:Parsed command line arguments: Namespace(log_base=None, log_level=None, verb_name='build', build_base='build', install_base='install', merge_install=False, symlink_install=False, test_result_base=None, continue_on_error=False, executor='parallel', parallel_workers=32, event_handlers=None, ignore_user_meta=False, metas=['./colcon.meta'], base_paths=['.'], packages_ignore=None, packages_ignore_regex=None, paths=None, packages_up_to=None, packages_up_to_regex=None, packages_above=None, packages_above_and_dependencies=None, packages_above_depth=None, packages_select_by_dep=None, packages_skip_by_dep=None, packages_skip_up_to=None, packages_select_build_failed=False, packages_skip_build_finished=False, packages_select_test_failures=False, packages_skip_test_passed=False, packages_select=None, packages_skip=None, packages_select_regex=None, packages_skip_regex=None, packages_start=None, packages_end=None, cmake_args=None, cmake_target=None, cmake_target_skip_unavailable=False, cmake_clean_cache=False, cmake_clean_first=False, cmake_force_configure=False, ament_cmake_args=None, catkin_cmake_args=None, catkin_skip_building_tests=False, mixin_files=None, mixin=None, verb_parser=<colcon_mixin.mixin.mixin_argument.MixinArgumentDecorator object at 0x7ff69ce401d0>, verb_extension=<colcon_core.verb.build.BuildVerb object at 0x7ff69ce43d10>, main=<bound method BuildVerb.main of <colcon_core.verb.build.BuildVerb object at 0x7ff69ce43d10>>, mixin_verb=('build',))
[0.142s] Level 1:colcon.colcon_core.package_discovery:discover_packages(colcon_meta) check parameters
[0.143s] INFO:colcon.colcon_metadata.package_discovery.colcon_meta:Using configuration from '/root/.colcon/metadata/default/Gazebo.meta'
[0.143s] INFO:colcon.colcon_metadata.package_discovery.colcon_meta:Using configuration from '/root/.colcon/metadata/default/fastdds.meta'
[0.143s] INFO:colcon.colcon_metadata.package_discovery.colcon_meta:Using configuration from '/root/.colcon/metadata/default/fastrtps.meta'
[0.143s] Level 1:colcon.colcon_core.package_discovery:discover_packages(recursive) check parameters
[0.143s] Level 1:colcon.colcon_core.package_discovery:discover_packages(ignore) check parameters
[0.143s] Level 1:colcon.colcon_core.package_discovery:discover_packages(path) check parameters
[0.143s] Level 1:colcon.colcon_core.package_discovery:discover_packages(colcon_meta) discover
[0.143s] Level 1:colcon.colcon_core.package_discovery:discover_packages(recursive) discover
[0.143s] INFO:colcon.colcon_core.package_discovery:Crawling recursively for packages in '/root/project/src/simulator'
[0.143s] Level 1:colcon.colcon_core.package_identification:_identify(.) by extensions ['ignore', 'ignore_ament_install']
[0.143s] Level 1:colcon.colcon_core.package_identification:_identify(.) by extension 'ignore'
[0.143s] Level 1:colcon.colcon_core.package_identification:_identify(.) by extension 'ignore_ament_install'
[0.143s] Level 1:colcon.colcon_core.package_identification:_identify(.) by extensions ['colcon_pkg']
[0.143s] Level 1:colcon.colcon_core.package_identification:_identify(.) by extension 'colcon_pkg'
[0.143s] Level 1:colcon.colcon_core.package_identification:_identify(.) by extensions ['colcon_meta']
[0.143s] Level 1:colcon.colcon_core.package_identification:_identify(.) by extension 'colcon_meta'
[0.143s] Level 1:colcon.colcon_core.package_identification:_identify(.) by extensions ['ros']
[0.143s] Level 1:colcon.colcon_core.package_identification:_identify(.) by extension 'ros'
[0.160s] DEBUG:colcon.colcon_core.package_identification:Package '.' with type 'ros.ament_cmake' and name 'simulator'
[0.160s] Level 1:colcon.colcon_core.package_discovery:discover_packages(recursive) using defaults
[0.160s] Level 1:colcon.colcon_core.package_discovery:discover_packages(ignore) discover
[0.160s] Level 1:colcon.colcon_core.package_discovery:discover_packages(ignore) using defaults
[0.160s] Level 1:colcon.colcon_core.package_discovery:discover_packages(path) discover
[0.160s] Level 1:colcon.colcon_core.package_discovery:discover_packages(path) using defaults
[0.172s] Level 5:colcon.colcon_core.verb:set package 'simulator' build argument 'cmake_args' from command line to 'None'
[0.172s] Level 5:colcon.colcon_core.verb:set package 'simulator' build argument 'cmake_target' from command line to 'None'
[0.172s] Level 5:colcon.colcon_core.verb:set package 'simulator' build argument 'cmake_target_skip_unavailable' from command line to 'False'
[0.172s] Level 5:colcon.colcon_core.verb:set package 'simulator' build argument 'cmake_clean_cache' from command line to 'False'
[0.172s] Level 5:colcon.colcon_core.verb:set package 'simulator' build argument 'cmake_clean_first' from command line to 'False'
[0.172s] Level 5:colcon.colcon_core.verb:set package 'simulator' build argument 'cmake_force_configure' from command line to 'False'
[0.172s] Level 5:colcon.colcon_core.verb:set package 'simulator' build argument 'ament_cmake_args' from command line to 'None'
[0.172s] Level 5:colcon.colcon_core.verb:set package 'simulator' build argument 'catkin_cmake_args' from command line to 'None'
[0.172s] Level 5:colcon.colcon_core.verb:set package 'simulator' build argument 'catkin_skip_building_tests' from command line to 'False'
[0.172s] DEBUG:colcon.colcon_core.verb:Building package 'simulator' with the following arguments: {'ament_cmake_args': None, 'build_base': '/root/project/src/simulator/build/simulator', 'catkin_cmake_args': None, 'catkin_skip_building_tests': False, 'cmake_args': None, 'cmake_clean_cache': False, 'cmake_clean_first': False, 'cmake_force_configure': False, 'cmake_target': None, 'cmake_target_skip_unavailable': False, 'install_base': '/root/project/src/simulator/install/simulator', 'merge_install': False, 'path': '/root/project/src/simulator', 'symlink_install': False, 'test_result_base': None}
[0.172s] INFO:colcon.colcon_core.executor:Executing jobs using 'parallel' executor
[0.173s] DEBUG:colcon.colcon_parallel_executor.executor.parallel:run_until_complete
[0.173s] INFO:colcon.colcon_ros.task.ament_cmake.build:Building ROS package in '/root/project/src/simulator' with build type 'ament_cmake'
[0.173s] INFO:colcon.colcon_cmake.task.cmake.build:Building CMake package in '/root/project/src/simulator'
[0.175s] INFO:colcon.colcon_core.plugin_system:Skipping extension 'colcon_core.shell.bat': Not used on non-Windows systems
[0.175s] INFO:colcon.colcon_core.shell:Skip shell extension 'powershell' for command environment: Not usable outside of PowerShell
[0.175s] DEBUG:colcon.colcon_core.shell:Skip shell extension 'dsv' for command environment
[0.182s] DEBUG:colcon.colcon_core.event_handler.log_command:Invoking command in '/root/project/src/simulator/build/simulator': CMAKE_PREFIX_PATH=${CMAKE_PREFIX_PATH}:/opt/ros/kilted /usr/bin/cmake /root/project/src/simulator -DCMAKE_INSTALL_PREFIX=/root/project/src/simulator/install/simulator
[0.662s] DEBUG:colcon.colcon_core.event_handler.log_command:Invoked command in '/root/project/src/simulator/build/simulator' returned '0': CMAKE_PREFIX_PATH=${CMAKE_PREFIX_PATH}:/opt/ros/kilted /usr/bin/cmake /root/project/src/simulator -DCMAKE_INSTALL_PREFIX=/root/project/src/simulator/install/simulator
[0.662s] DEBUG:colcon.colcon_core.event_handler.log_command:Invoking command in '/root/project/src/simulator/build/simulator': CMAKE_PREFIX_PATH=${CMAKE_PREFIX_PATH}:/opt/ros/kilted /usr/bin/cmake --build /root/project/src/simulator/build/simulator -- -j32 -l32
[0.689s] DEBUG:colcon.colcon_core.event_handler.log_command:Invoked command in '/root/project/src/simulator/build/simulator' returned '0': CMAKE_PREFIX_PATH=${CMAKE_PREFIX_PATH}:/opt/ros/kilted /usr/bin/cmake --build /root/project/src/simulator/build/simulator -- -j32 -l32
[0.695s] DEBUG:colcon.colcon_core.event_handler.log_command:Invoking command in '/root/project/src/simulator/build/simulator': CMAKE_PREFIX_PATH=${CMAKE_PREFIX_PATH}:/opt/ros/kilted /usr/bin/cmake --install /root/project/src/simulator/build/simulator
[0.701s] Level 1:colcon.colcon_core.environment:create_environment_scripts_only(simulator)
[0.701s] DEBUG:colcon.colcon_core.event_handler.log_command:Invoked command in '/root/project/src/simulator/build/simulator' returned '0': CMAKE_PREFIX_PATH=${CMAKE_PREFIX_PATH}:/opt/ros/kilted /usr/bin/cmake --install /root/project/src/simulator/build/simulator
[0.704s] Level 1:colcon.colcon_core.environment:checking '/root/project/src/simulator/install/simulator' for CMake module files
[0.704s] Level 1:colcon.colcon_core.environment:checking '/root/project/src/simulator/install/simulator' for CMake config files
[0.704s] Level 1:colcon.colcon_core.shell:create_environment_hook('simulator', 'cmake_prefix_path')
[0.704s] INFO:colcon.colcon_core.shell:Creating environment hook '/root/project/src/simulator/install/simulator/share/simulator/hook/cmake_prefix_path.ps1'
[0.704s] INFO:colcon.colcon_core.shell:Creating environment descriptor '/root/project/src/simulator/install/simulator/share/simulator/hook/cmake_prefix_path.dsv'
[0.705s] INFO:colcon.colcon_core.shell:Creating environment hook '/root/project/src/simulator/install/simulator/share/simulator/hook/cmake_prefix_path.sh'
[0.705s] Level 1:colcon.colcon_core.environment:checking '/root/project/src/simulator/install/simulator/bin'
[0.705s] Level 1:colcon.colcon_core.environment:checking '/root/project/src/simulator/install/simulator/lib/pkgconfig/simulator.pc'
[0.706s] Level 1:colcon.colcon_core.environment:checking '/root/project/src/simulator/install/simulator/lib/python3.12/site-packages'
[0.706s] Level 1:colcon.colcon_core.environment:checking '/root/project/src/simulator/install/simulator/bin'
[0.706s] INFO:colcon.colcon_core.shell:Creating package script '/root/project/src/simulator/install/simulator/share/simulator/package.ps1'
[0.707s] INFO:colcon.colcon_core.shell:Creating package descriptor '/root/project/src/simulator/install/simulator/share/simulator/package.dsv'
[0.707s] INFO:colcon.colcon_core.shell:Creating package script '/root/project/src/simulator/install/simulator/share/simulator/package.sh'
[0.707s] INFO:colcon.colcon_core.shell:Creating package script '/root/project/src/simulator/install/simulator/share/simulator/package.bash'
[0.708s] INFO:colcon.colcon_core.shell:Creating package script '/root/project/src/simulator/install/simulator/share/simulator/package.zsh'
[0.709s] Level 1:colcon.colcon_core.environment:create_file_with_runtime_dependencies(/root/project/src/simulator/install/simulator/share/colcon-core/packages/simulator)
[0.709s] Level 1:colcon.colcon_core.environment:create_environment_scripts_only(simulator)
[0.709s] Level 1:colcon.colcon_core.environment:checking '/root/project/src/simulator/install/simulator' for CMake module files
[0.709s] Level 1:colcon.colcon_core.environment:checking '/root/project/src/simulator/install/simulator' for CMake config files
[0.709s] Level 1:colcon.colcon_core.shell:create_environment_hook('simulator', 'cmake_prefix_path')
[0.709s] INFO:colcon.colcon_core.shell:Creating environment hook '/root/project/src/simulator/install/simulator/share/simulator/hook/cmake_prefix_path.ps1'
[0.709s] INFO:colcon.colcon_core.shell:Creating environment descriptor '/root/project/src/simulator/install/simulator/share/simulator/hook/cmake_prefix_path.dsv'
[0.709s] INFO:colcon.colcon_core.shell:Creating environment hook '/root/project/src/simulator/install/simulator/share/simulator/hook/cmake_prefix_path.sh'
[0.710s] Level 1:colcon.colcon_core.environment:checking '/root/project/src/simulator/install/simulator/bin'
[0.710s] Level 1:colcon.colcon_core.environment:checking '/root/project/src/simulator/install/simulator/lib/pkgconfig/simulator.pc'
[0.710s] Level 1:colcon.colcon_core.environment:checking '/root/project/src/simulator/install/simulator/lib/python3.12/site-packages'
[0.710s] Level 1:colcon.colcon_core.environment:checking '/root/project/src/simulator/install/simulator/bin'
[0.710s] INFO:colcon.colcon_core.shell:Creating package script '/root/project/src/simulator/install/simulator/share/simulator/package.ps1'
[0.710s] INFO:colcon.colcon_core.shell:Creating package descriptor '/root/project/src/simulator/install/simulator/share/simulator/package.dsv'
[0.710s] INFO:colcon.colcon_core.shell:Creating package script '/root/project/src/simulator/install/simulator/share/simulator/package.sh'
[0.710s] INFO:colcon.colcon_core.shell:Creating package script '/root/project/src/simulator/install/simulator/share/simulator/package.bash'
[0.711s] INFO:colcon.colcon_core.shell:Creating package script '/root/project/src/simulator/install/simulator/share/simulator/package.zsh'
[0.711s] Level 1:colcon.colcon_core.environment:create_file_with_runtime_dependencies(/root/project/src/simulator/install/simulator/share/colcon-core/packages/simulator)
[0.711s] DEBUG:colcon.colcon_parallel_executor.executor.parallel:closing loop
[0.711s] DEBUG:colcon.colcon_parallel_executor.executor.parallel:loop closed
[0.711s] DEBUG:colcon.colcon_parallel_executor.executor.parallel:run_until_complete finished with '0'
[0.711s] DEBUG:colcon.colcon_core.event_reactor:joining thread
[0.716s] INFO:colcon.colcon_core.plugin_system:Skipping extension 'colcon_notification.desktop_notification.notify_send': Could not find 'notify-send'
[0.716s] INFO:colcon.colcon_core.plugin_system:Skipping extension 'colcon_notification.desktop_notification.terminal_notifier': Not used on non-Darwin systems
[0.716s] INFO:colcon.colcon_core.plugin_system:Skipping extension 'colcon_notification.desktop_notification.win32': Not used on non-Windows systems
[0.716s] INFO:colcon.colcon_notification.desktop_notification:Sending desktop notification using 'notify2'
[0.718s] DEBUG:colcon.colcon_notification.desktop_notification.notify2:Failed to initialize notify2: org.freedesktop.DBus.Error.Spawn.ExecFailed: /usr/bin/dbus-launch terminated abnormally without any error message
[0.718s] DEBUG:colcon.colcon_core.event_reactor:joined thread
[0.718s] INFO:colcon.colcon_core.shell:Creating prefix script '/root/project/src/simulator/install/local_setup.ps1'
[0.718s] INFO:colcon.colcon_core.shell:Creating prefix util module '/root/project/src/simulator/install/_local_setup_util_ps1.py'
[0.719s] INFO:colcon.colcon_core.shell:Creating prefix chain script '/root/project/src/simulator/install/setup.ps1'
[0.719s] INFO:colcon.colcon_core.shell:Creating prefix script '/root/project/src/simulator/install/local_setup.sh'
[0.720s] INFO:colcon.colcon_core.shell:Creating prefix util module '/root/project/src/simulator/install/_local_setup_util_sh.py'
[0.720s] INFO:colcon.colcon_core.shell:Creating prefix chain script '/root/project/src/simulator/install/setup.sh'
[0.720s] INFO:colcon.colcon_core.shell:Creating prefix script '/root/project/src/simulator/install/local_setup.bash'
[0.721s] INFO:colcon.colcon_core.shell:Creating prefix chain script '/root/project/src/simulator/install/setup.bash'
[0.721s] INFO:colcon.colcon_core.shell:Creating prefix script '/root/project/src/simulator/install/local_setup.zsh'
[0.721s] INFO:colcon.colcon_core.shell:Creating prefix chain script '/root/project/src/simulator/install/setup.zsh'
